// Jest Snapshot v1, https://goo.gl/fbAQLP

exports[`Renders SVG 1`] = `"<svg xmlns=\\"http://www.w3.org/2000/svg\\" width=\\"150\\" height=\\"50\\"><path d=\\"M7 34 C96 18,55 41,142 23\\" stroke=\\"#444\\" fill=\\"none\\"/><path fill=\\"#333\\" d=\\"M87.08 18.47L87.11 18.50L86.97 18.36Q86.44 18.93 86.29 19.73L86.17 19.61L86.27 24.85L86.13 24.71Q87.43 24.87 89.64 24.60L89.54 24.50L89.57 24.53Q89.60 25.02 89.56 25.85L89.42 25.71L89.50 25.80Q89.51 26.60 89.51 27.06L89.49 27.04L87.93 27.15L87.89 27.12Q87.16 27.26 86.28 27.26L86.17 27.15L86.12 27.10Q86.23 31.40 86.16 39.78L86.19 39.80L86.16 39.78Q83.87 39.77 82.38 40.45L82.45 40.52L82.47 40.54Q83.42 34.26 83.30 27.02L83.30 27.02L83.40 27.11Q82.76 27.08 81.46 26.82L81.49 26.84L81.48 26.84Q81.38 25.75 81.19 23.80L81.33 23.95L81.26 23.87Q82.31 24.32 83.26 24.51L83.22 24.46L83.30 24.55Q83.22 23.86 82.92 21.38L82.99 21.45L83.05 21.52Q82.76 19.39 82.76 18.44L82.83 18.51L82.71 18.39Q82.77 16.78 84.18 16.21L84.15 16.18L84.07 16.10Q85.06 15.92 89.90 15.08L89.86 15.04L89.85 15.03Q90.66 14.89 91.50 14.78L91.35 14.62L91.43 14.71Q91.24 15.50 91.08 16.38L91.11 16.41L90.82 17.98L90.83 17.98Q90.08 17.74 89.59 17.85L89.55 17.81L89.70 17.96Q88.92 17.80 87.02 18.40ZM92.45 19.53L92.59 19.67L92.54 19.62Q92.79 17.32 93.40 14.77L93.50 14.87L93.48 14.85Q92.80 15.12 91.51 15.73L91.66 15.89L91.89 14.02L92.00 14.13Q90.68 14.22 88.21 14.76L88.34 14.89L88.20 14.75Q87.16 14.97 83.96 15.88L83.82 15.74L83.78 15.70Q82.30 16.20 82.30 18.06L82.30 18.06L82.33 18.09Q82.24 18.31 82.32 18.65L82.29 18.63L82.35 18.68Q82.61 20.05 82.73 21.38L82.70 21.36L82.94 24.07L83.00 24.13Q81.63 23.75 80.99 23.30L80.98 23.29L80.95 23.26Q80.93 24.08 80.97 25.10L81.07 25.21L81.17 27.17L81.12 27.12Q81.82 27.29 82.62 27.36L82.70 27.45L82.76 29.60L83.15 29.61L83.04 29.50Q82.92 35.63 81.94 41.07L81.94 41.08L81.92 41.05Q82.88 40.53 84.06 40.26L84.22 40.42L83.99 42.44L83.95 42.41Q85.29 42.22 86.58 42.18L86.43 42.02L86.42 42.01Q87.79 42.13 89.04 42.39L89.06 42.41L88.91 42.26Q88.06 37.26 88.06 29.31L88.15 29.39L88.07 29.32Q89.17 29.31 91.26 29.39L91.32 29.44L91.35 27.60L91.30 27.56Q91.41 26.72 91.45 25.77L91.41 25.73L91.29 25.61Q90.86 25.75 89.80 26.02L89.72 25.94L89.88 26.10Q89.80 25.33 89.91 24.00L89.83 23.92L89.83 23.92Q89.05 24.21 88.25 24.28L88.19 24.22L88.20 24.23Q88.29 22.91 88.41 21.50L88.39 21.48L88.36 21.46Q88.54 20.84 89.07 20.50L89.13 20.55L89.03 20.45Q90.03 19.82 90.85 19.74L90.81 19.70L90.80 19.69Q91.59 19.59 92.43 19.51Z\\"/><path fill=\\"#222\\" d=\\"M24.52 14.09L24.56 14.13L24.47 14.04Q25.31 15.95 26.99 16.30L27.13 16.44L27.00 16.31Q27.57 16.46 28.25 16.27L28.33 16.35L28.33 16.34Q28.12 22.26 28.04 28.12L28.08 28.17L27.96 28.04Q27.95 33.86 28.18 39.80L28.22 39.83L28.14 39.75Q28.04 39.89 27.74 39.89L27.59 39.74L27.72 39.87Q26.17 39.88 24.87 41.71L24.77 41.60L24.86 41.70Q25.49 34.71 25.45 27.86L25.42 27.83L25.44 27.85Q25.34 20.93 24.50 14.07ZM24.33 42.72L24.42 42.81L24.42 42.81Q25.44 40.95 26.51 40.49L26.61 40.59L26.57 40.55Q26.47 41.55 26.47 42.54L26.48 42.55L26.42 42.50Q27.09 42.06 27.89 42.17L27.90 42.19L28.06 42.34Q29.96 42.52 31.17 45.23L31.29 45.34L31.29 45.34Q30.07 37.77 30.07 30.31L29.98 30.21L30.05 30.28Q30.07 22.58 30.91 15.27L30.90 15.26L30.87 15.23Q29.92 17.17 28.77 17.78L28.75 17.75L28.64 17.64Q28.65 16.63 28.73 15.56L28.78 15.61L28.82 15.65Q27.98 16.11 27.22 15.95L27.24 15.97L27.25 15.99Q25.10 15.63 24.11 12.78L24.00 12.66L24.02 12.69Q24.97 20.10 25.05 27.64L25.09 27.68L25.15 27.75Q25.21 35.19 24.33 42.72Z\\"/><path fill=\\"#333\\" d=\\"M48.27 14.39L48.11 14.24L48.13 14.25Q52.00 16.87 56.76 17.10L56.65 16.99L56.78 17.12Q61.36 17.24 65.62 15.49L65.65 15.52L65.53 15.40Q65.34 16.01 64.58 18.79L64.63 18.84L64.69 18.89Q61.81 19.79 58.84 19.94L58.82 19.92L58.88 19.98Q55.97 20.19 53.07 19.46L53.07 19.46L52.96 19.35Q53.65 22.97 53.84 26.62L53.96 26.74L53.90 26.68Q56.03 27.03 57.63 26.99L57.56 26.91L57.58 26.94Q58.79 26.93 61.19 26.82L61.22 26.84L61.15 26.78Q61.14 27.45 61.14 28.14L61.17 28.17L61.05 29.38L61.06 29.39Q58.78 29.51 53.99 29.59L53.83 29.44L54.01 29.61Q53.91 33.63 53.34 37.62L53.39 37.67L53.27 37.56Q55.89 36.90 58.63 37.01L58.70 37.08L58.66 37.04Q61.33 37.08 63.92 37.92L64.04 38.04L64.04 38.05Q64.15 38.88 64.42 39.64L64.42 39.64L64.88 41.17L64.88 41.17Q61.59 39.78 58.16 39.78L58.13 39.74L58.18 39.80Q53.35 39.84 49.09 42.09L48.97 41.98L48.99 41.99Q51.31 35.18 51.05 28.06L51.02 28.03L51.08 28.09Q50.80 20.92 48.14 14.26ZM48.54 42.75L48.55 42.77L48.57 42.79Q49.86 42.10 50.63 41.76L50.48 41.62L50.67 41.81Q50.45 42.54 49.88 44.06L49.81 43.99L49.73 43.91Q54.25 41.92 59.32 42.19L59.35 42.23L59.35 42.23Q64.65 42.65 68.65 45.35L68.61 45.32L68.66 45.37Q67.41 42.75 66.73 40.81L66.65 40.73L66.71 40.79Q65.76 40.22 64.77 39.88L64.68 39.79L64.72 39.82Q64.38 38.50 64.23 37.70L64.15 37.62L64.11 37.59Q61.17 36.74 58.01 36.74L57.97 36.70L58.04 36.76Q56.83 36.69 55.68 36.81L55.71 36.84L55.63 36.76Q55.77 35.52 55.80 34.30L55.93 34.43L55.94 31.85L55.94 31.85Q57.82 31.82 59.61 31.86L59.52 31.77L59.60 31.85Q61.43 31.89 63.21 32.04L63.07 31.89L63.11 31.94Q63.02 30.97 63.02 30.02L62.97 29.97L63.08 28.18L62.27 28.24L62.28 28.25Q61.93 28.40 61.48 28.40L61.30 28.22L61.33 28.26Q61.46 27.70 61.61 26.40L61.50 26.29L61.51 26.31Q59.99 26.61 58.81 26.64L58.78 26.62L58.75 26.58Q57.91 26.70 56.08 26.62L55.98 26.52L56.04 26.58Q55.82 25.03 55.63 22.21L55.67 22.25L55.80 22.38Q56.71 22.38 57.70 22.38L57.72 22.39L57.68 22.36Q62.41 22.37 66.10 20.46L66.12 20.48L66.07 20.43Q66.67 18.10 67.54 15.89L67.59 15.93L67.69 16.03Q66.30 16.82 65.46 17.16L65.37 17.06L65.38 17.07Q65.64 16.26 66.09 14.70L66.28 14.89L66.16 14.77Q61.58 16.96 56.70 16.66L56.60 16.56L56.72 16.68Q51.28 16.23 47.44 13.37L47.48 13.41L47.59 13.52Q50.43 20.44 50.73 28.05L50.74 28.06L50.81 28.12Q51.09 36.02 48.57 42.79Z\\"/><path fill=\\"#333\\" d=\\"M123.44 37.94L123.48 37.98L123.34 37.83Q123.73 38.92 124.27 40.94L124.30 40.97L124.32 40.99Q119.99 39.56 115.39 39.82L115.43 39.87L115.39 39.82Q110.82 40.09 106.82 42.07L106.90 42.15L106.75 42.00Q107.17 41.50 107.21 41.58L107.16 41.53L107.07 41.44Q110.87 37.56 114.80 33.14L114.84 33.19L114.77 33.11Q119.24 28.18 120.42 23.50L120.39 23.47L120.29 23.37Q120.88 21.75 119.61 20.57L119.53 20.50L119.57 20.54Q118.20 19.26 116.41 19.41L116.51 19.51L116.45 19.45Q116.08 19.38 115.73 19.38L115.84 19.49L115.84 19.49Q114.25 19.42 112.99 20.33L112.94 20.28L112.96 20.30Q111.65 21.65 111.87 24.32L111.88 24.33L111.89 24.33Q110.23 24.12 109.01 23.66L108.91 23.56L108.86 23.51Q108.84 22.27 108.76 20.83L108.58 20.64L108.63 20.70Q108.67 19.17 109.28 18.03L109.24 17.99L109.16 17.91Q111.09 16.68 114.44 16.68L114.37 16.62L116.08 16.57L116.14 16.63Q118.36 16.61 119.32 16.72L119.25 16.66L119.34 16.75Q123.65 17.13 123.91 19.57L124.00 19.66L124.00 19.66Q124.10 20.25 124.03 21.05L124.03 21.05L124.04 21.06Q123.91 21.62 123.75 22.30L123.83 22.38L123.74 22.29Q122.12 30.42 114.55 37.27L114.45 37.18L114.56 37.29Q115.94 37.10 117.31 37.10L117.41 37.20L117.41 37.20Q120.58 37.13 123.43 37.93ZM122.91 17.15L122.83 17.08L122.80 17.05Q121.28 16.47 119.56 16.40L119.51 16.35L116.14 16.21L116.18 16.26Q111.73 15.99 109.52 17.10L109.41 16.98L109.53 17.10Q108.35 18.35 108.35 20.41L108.43 20.50L108.32 20.38Q108.34 21.09 108.65 23.91L108.70 23.96L108.64 23.90Q109.30 24.25 110.48 24.56L110.45 24.53L110.34 25.45L110.43 25.54Q110.44 26.05 110.52 26.58L110.46 26.52L110.54 26.60Q111.70 26.61 114.17 26.84L114.25 26.93L114.15 26.82Q114.22 26.55 114.22 26.20L114.14 26.13L114.08 26.07Q114.15 24.31 115.37 22.96L115.42 23.01L115.44 23.03Q116.66 21.68 118.44 21.79L118.32 21.67L118.44 21.79Q119.09 21.71 119.85 21.86L119.85 21.86L119.90 21.91Q119.95 22.23 120.02 22.65L120.04 22.66L120.04 22.66Q120.23 23.23 120.15 23.57L120.08 23.50L120.07 23.49Q118.73 28.16 114.31 33.00L114.44 33.13L114.44 33.13Q112.16 35.23 106.72 41.28L106.74 41.30L106.79 41.35Q106.54 42.13 106.20 42.70L106.22 42.72L106.33 42.83Q107.93 41.96 109.45 41.43L109.36 41.33L109.36 41.34Q108.66 41.93 107.71 43.41L107.79 43.50L107.72 43.43Q107.61 43.77 107.49 44.11L107.45 44.07L107.54 44.15Q112.34 42.03 117.83 42.22L117.76 42.16L117.82 42.22Q123.53 42.41 128.10 44.77L128.09 44.76L127.17 42.70L127.07 42.60Q126.38 41.22 126.11 40.42L126.21 40.52L126.13 40.44Q125.42 40.03 124.20 39.61L124.17 39.58L124.27 39.68Q124.07 38.91 123.69 37.54L123.75 37.60L123.80 37.65Q121.59 37.08 119.30 36.89L119.28 36.86L119.23 36.81Q123.85 32.18 125.37 23.92L125.49 24.04L125.70 21.17L125.67 21.13Q125.49 19.24 124.27 18.56L124.32 18.60L124.37 18.69L124.27 18.59Q124.27 18.55 124.19 18.55L124.10 18.46L124.23 18.59Q123.99 17.74 122.88 17.13Z\\"/></svg>"`;

exports[`Renders SVG on dark background 1`] = `"<svg xmlns=\\"http://www.w3.org/2000/svg\\" width=\\"150\\" height=\\"50\\"><path fill=\\"#eee\\" d=\\"M59.12 39.75L59.25 39.88L59.30 39.93Q57.30 39.83 55.29 40.03L55.34 40.08L55.22 39.96Q55.91 34.75 55.91 29.91L55.86 29.86L55.85 29.86Q55.87 24.96 55.22 19.74L55.22 19.74L55.22 19.75Q50.75 19.46 47.55 17.79L47.56 17.80L46.76 15.96L46.67 15.88Q46.66 15.57 46.05 14.35L45.97 14.27L45.91 14.20Q51.08 16.98 57.10 17.17L57.12 17.19L57.09 17.16Q62.96 17.32 68.40 15.26L68.41 15.27L68.45 15.31Q67.63 16.62 66.98 18.45L67.08 18.55L67.02 18.48Q63.48 19.86 59.22 20.05L59.10 19.93L59.16 19.99Q58.98 25.03 58.98 29.98L58.94 29.94L58.95 29.95Q58.95 34.89 59.25 39.88ZM68.99 14.48L69.09 14.58L69.08 14.57Q63.25 16.85 57.04 16.66L57.00 16.62L56.95 16.56Q50.32 16.41 45.22 13.44L45.20 13.42L45.20 13.42Q46.06 14.81 47.35 18.08L47.32 18.05L47.27 18.00Q47.90 18.29 49.16 18.86L49.26 18.97L49.26 18.96Q49.43 19.59 49.77 21.11L49.78 21.12L49.91 21.25Q52.05 21.94 55.09 22.17L55.17 22.25L55.13 22.21Q55.54 25.93 55.54 29.69L55.44 29.60L55.53 29.69Q55.56 35.08 54.76 40.45L54.65 40.35L54.76 40.45Q56.49 40.39 57.03 40.39L56.87 40.24L56.89 40.26Q57.01 40.68 56.95 41.35L56.90 41.30L56.94 41.33Q56.88 42.00 56.88 42.34L56.90 42.37L56.84 42.30Q57.93 42.14 59.45 42.21L59.51 42.27L59.45 42.21Q60.41 42.30 62.24 42.45L62.29 42.50L62.32 42.53Q61.12 37.64 61.01 32.46L61.02 32.47L61.03 32.48Q60.69 26.97 61.23 22.06L61.35 22.19L61.25 22.08Q65.25 21.59 68.41 20.37L68.41 20.37L68.48 20.44Q69.06 17.94 70.08 15.88L70.13 15.92L70.07 15.86Q68.91 16.72 68.11 17.02L67.95 16.87L68.05 16.97Q68.39 15.59 68.96 14.45Z\\"/><path fill=\\"#ddd\\" d=\\"M29.09 32.12L19.89 22.16L19.97 22.24Q20.66 25.79 20.66 29.52L20.63 29.49L20.64 29.50Q20.75 35.58 18.69 41.14L18.67 41.12L18.64 41.09Q17.49 41.27 15.24 42.03L15.33 42.12L15.29 42.08Q18.19 36.38 18.19 29.68L18.09 29.57L18.25 29.74Q18.07 20.92 13.58 13.49L13.57 13.48L13.58 13.49Q14.12 13.76 14.80 14.18L14.78 14.16L14.86 14.24Q26.94 25.44 34.78 34.69L34.65 34.56L34.62 34.54Q34.51 32.29 34.51 29.85L34.36 29.70L34.46 29.80Q34.42 22.53 36.93 16.32L36.86 16.25L36.91 16.30Q39.33 15.87 40.93 15.18L40.83 15.08L40.86 15.11Q37.55 21.28 37.24 28.44L37.21 28.40L37.24 28.44Q37.00 35.85 39.97 42.01L39.89 41.94L39.96 42.01Q39.28 41.82 38.86 41.63L38.83 41.60L38.97 41.74Q34.27 37.64 29.05 32.09L29.18 32.21ZM42.61 45.23L42.58 45.19L42.52 45.14Q42.90 45.21 43.32 45.40L43.42 45.50L44.18 45.77L44.37 45.95Q39.12 38.92 39.12 29.56L39.19 29.62L39.00 29.43Q39.06 22.26 42.37 16.01L42.44 16.08L42.44 16.08Q41.67 16.19 40.26 16.80L40.36 16.89L40.31 16.84Q40.68 16.00 41.52 14.44L41.67 14.59L41.53 14.45Q39.06 15.33 36.62 15.90L36.66 15.94L36.59 15.87Q34.07 22.45 34.07 29.87L34.02 29.82L33.99 29.79Q34.10 31.76 34.29 33.74L34.18 33.63L34.14 33.59Q29.49 27.92 24.73 23.31L24.79 23.37L14.82 13.78L14.80 13.76Q14.09 13.31 12.87 12.74L12.90 12.77L12.97 12.84Q17.72 20.45 17.72 29.55L17.83 29.66L17.87 29.70Q17.80 36.75 14.72 42.76L14.67 42.71L14.78 42.82Q15.09 42.72 16.73 42.11L16.68 42.06L16.76 42.13Q16.37 42.85 15.53 44.34L15.44 44.25L15.58 44.38Q16.96 43.90 20.42 43.10L20.26 42.93L20.35 43.02Q22.68 36.91 22.68 29.71L22.60 29.63L22.74 29.77Q22.74 27.68 22.51 25.55L22.47 25.50L22.35 25.38Q33.87 38.24 42.48 45.09Z\\"/><path fill=\\"#aaa\\" d=\\"M83.16 36.82L83.29 36.94L83.20 36.86Q84.32 37.75 85.73 37.60L85.74 37.61L85.91 37.77Q88.80 37.93 89.45 34.58L89.31 34.43L89.41 34.54Q90.01 31.37 90.01 27.98L90.07 28.04L90.01 25.39L90.04 25.42Q90.07 24.19 89.72 22.94L89.60 22.81L89.71 22.92Q88.44 25.19 86.46 29.95L86.36 29.85L86.37 29.86Q84.43 34.66 83.21 36.87ZM88.20 20.34L88.29 20.43L88.32 20.47Q87.08 19.56 85.74 19.56L85.85 19.67L85.79 19.61Q84.39 19.54 83.28 20.45L83.16 20.33L83.31 20.48Q82.09 21.28 81.90 22.77L81.91 22.77L81.96 22.82Q81.55 24.12 81.51 25.61L81.61 25.71L81.45 25.55Q81.45 25.55 81.45 28.41L81.61 28.56L81.53 28.49Q81.63 30.95 82.09 34.56L82.06 34.54L81.97 34.44Q83.89 29.71 88.27 20.42ZM89.77 39.16L89.94 39.33L89.83 39.22Q88.03 40.09 85.71 40.09L85.86 40.24L84.22 40.23L84.23 40.25Q80.96 40.21 79.81 38.49L79.67 38.35L79.84 38.52Q79.04 36.35 78.96 33.42L78.84 33.29L78.87 33.32Q78.88 31.63 78.81 28.16L78.87 28.22L78.84 28.20Q78.75 26.93 78.60 23.88L78.60 23.88L78.62 23.90Q78.41 21.48 78.72 19.50L78.82 19.61L78.78 19.57Q79.29 16.65 83.63 16.42L83.60 16.39L83.59 16.38Q84.34 16.33 85.67 16.37L85.67 16.37L85.79 16.49Q91.45 16.63 92.51 20.09L92.50 20.08L92.44 20.01Q93.06 21.93 93.02 23.80L92.96 23.74L93.01 23.79Q93.01 28.85 92.94 30.07L92.99 30.12L92.84 29.98Q92.61 33.74 92.31 35.04L92.43 35.16L92.39 35.12Q91.82 38.32 89.92 39.31ZM94.78 38.99L94.79 39.01L94.74 38.96Q95.02 36.23 94.99 34.44L94.97 34.42L95.00 29.92L94.84 29.76Q94.74 26.73 94.20 21.21L94.23 21.23L94.35 21.35Q93.82 19.53 92.52 18.77L92.42 18.67L92.52 18.76Q91.01 16.26 85.83 16.11L85.77 16.05L85.74 16.02Q84.79 15.91 83.46 15.95L83.60 16.09L83.53 16.02Q79.04 16.13 78.55 19.26L78.44 19.16L78.43 19.15Q78.03 21.44 78.14 23.54L78.16 23.56L78.31 23.70Q78.59 28.02 78.55 31.37L78.45 31.27L78.45 31.26Q78.54 35.08 78.65 36.11L78.60 36.06L78.53 36.00Q79.06 39.23 80.58 40.03L80.54 39.98L80.51 39.95Q81.99 42.15 85.98 42.42L85.90 42.34L86.01 42.44Q89.65 42.74 90.30 42.70L90.15 42.55L90.28 42.67Q93.10 42.49 94.24 40.89L94.18 40.83L94.23 40.88Q94.82 40.29 94.90 39.11ZM86.14 37.25L86.20 37.30L86.19 37.30Q86.85 35.82 87.92 33.12L87.96 33.16L89.64 28.91L89.62 28.88Q89.63 30.57 89.25 33.92L89.15 33.82L89.23 33.90Q88.67 36.89 86.28 37.38ZM84.16 24.95L84.12 24.91L84.17 24.96Q84.58 23.13 85.27 22.55L85.33 22.61L85.40 22.68Q85.79 22.20 87.08 22.01L87.06 21.99L87.11 22.04Q85.41 25.70 83.54 30.35L83.48 30.28L83.46 30.26Q83.44 27.54 84.13 24.92Z\\"/><path d=\\"M9 33 C86 16,75 30,149 17\\" stroke=\\"#bbb\\" fill=\\"none\\"/><path fill=\\"#bbb\\" d=\\"M113.37 26.79L113.49 26.91L113.44 26.85Q115.23 27.01 117.06 27.01L117.01 26.96L116.98 26.93Q118.83 26.99 120.66 26.84L120.68 26.86L120.63 26.81Q120.52 27.46 120.52 28.18L120.63 28.29L120.52 29.52L120.57 29.57Q118.24 29.60 113.48 29.71L113.48 29.71L113.47 29.70Q113.44 35.61 112.30 40.60L112.36 40.66L112.18 40.48Q110.12 41.31 108.64 42.11L108.53 42.01L108.67 42.15Q110.94 35.29 110.68 28.17L110.56 28.05L110.73 28.21Q110.44 21.03 107.77 14.37L107.61 14.21L107.68 14.28Q111.41 16.87 116.17 17.10L116.11 17.04L116.20 17.13Q120.77 17.20 124.92 15.45L124.93 15.47L124.92 15.46Q124.69 16.33 124.46 17.13L124.51 17.18L124.00 18.76L123.98 18.74Q121.32 19.89 118.35 20.04L118.23 19.92L118.37 20.06Q115.44 20.21 112.59 19.49L112.45 19.36L112.59 19.50Q113.23 22.84 113.42 26.84ZM125.52 14.72L125.51 14.71L125.63 14.84Q121.04 16.98 116.17 16.68L116.20 16.71L116.20 16.70Q110.76 16.29 107.03 13.44L107.06 13.47L107.02 13.43Q109.91 20.40 110.22 28.01L110.21 28.00L110.23 28.02Q110.51 35.92 108.00 42.69L108.11 42.81L108.08 42.78Q108.83 42.46 110.20 41.81L110.20 41.81L110.02 41.63Q109.92 42.48 109.35 44.00L109.39 44.05L109.35 44.01Q111.58 42.85 114.48 42.36L114.52 42.40L114.52 42.40Q115.09 37.48 115.28 31.77L115.29 31.79L115.42 31.92Q117.24 31.91 119.07 31.91L119.01 31.85L118.96 31.81Q120.68 31.74 122.51 31.93L122.54 31.96L122.62 32.04Q122.56 31.14 122.56 30.23L122.44 30.11L122.54 28.30L122.55 28.31Q121.68 28.32 120.84 28.32L120.84 28.32L120.85 28.32Q120.91 27.51 120.99 26.48L120.99 26.49L121.00 26.50Q119.63 26.69 118.22 26.69L118.12 26.59L118.18 26.64Q116.86 26.74 115.49 26.70L115.39 26.59L115.23 24.31L115.38 24.45Q115.32 23.33 115.21 22.26L115.23 22.28L115.19 22.25Q116.14 22.29 117.13 22.29L117.08 22.23L117.22 22.37Q121.81 22.21 125.43 20.30L125.52 20.40L125.60 20.48Q126.11 18.66 127.02 16.03L126.90 15.91L126.87 15.89Q125.65 16.80 124.85 17.14L124.74 17.02L124.78 17.06Q125.08 16.33 125.57 14.77Z\\"/></svg>"`;

exports[`Renders math Expression 1`] = `"<svg xmlns=\\"http://www.w3.org/2000/svg\\" width=\\"150\\" height=\\"50\\"><path fill=\\"#e38be3\\" d=\\"M108.16 19.65L108.19 19.68L106.57 19.73L106.65 19.82Q104.33 19.85 104.10 21.87L104.03 21.80L104.19 21.96Q104.09 22.66 104.13 23.65L104.14 23.66L104.00 23.52Q104.03 25.45 105.29 26.79L105.28 26.78L105.46 26.96Q106.69 28.27 108.59 28.11L108.47 27.99L108.59 28.11Q110.56 27.87 111.32 26.96L111.37 27.00L111.27 26.91Q112.35 26.01 112.62 23.76L112.73 23.87L112.64 23.78Q112.98 21.61 111.72 20.77L111.59 20.64L111.74 20.79Q110.76 19.89 108.09 19.58ZM114.28 28.96L114.16 28.84L112.93 31.20L112.83 31.10Q110.16 35.92 106.39 39.99L106.50 40.10L106.52 40.12Q104.81 40.20 102.11 41.00L102.15 41.05L102.12 41.02Q107.45 34.73 110.61 29.94L110.48 29.81L110.62 29.95Q109.62 30.62 107.98 30.70L107.99 30.70L107.93 30.65Q104.93 30.81 103.41 28.83L103.44 28.86L103.41 28.83Q102.15 27.19 101.05 22.62L100.99 22.56L101.02 22.59Q101.09 22.21 100.94 21.27L100.88 21.22L101.00 21.34Q100.79 20.35 100.79 19.89L100.84 19.94L100.67 19.77Q100.85 18.16 101.91 17.55L101.76 17.40L101.73 17.37Q103.12 16.78 104.99 16.78L104.93 16.72L104.87 16.66Q108.19 16.78 108.19 16.78L108.12 16.71L108.05 16.65Q110.27 16.73 111.52 16.92L111.53 16.93L111.49 16.88Q113.74 17.27 114.66 17.77L114.64 17.75L114.65 17.76Q115.98 18.48 116.17 20.23L116.23 20.29L116.11 20.18Q116.07 20.37 115.88 23.03L115.91 23.05L115.90 23.05Q115.64 25.30 115.41 26.14L115.29 26.02L115.42 26.15Q114.88 27.40 114.12 28.81ZM116.15 31.33L116.08 31.26L116.16 31.34Q117.03 29.02 117.57 24.71L117.54 24.69L117.56 24.71Q117.93 22.60 117.89 21.73L117.87 21.70L117.93 21.76Q117.84 19.85 116.66 18.93L116.60 18.88L116.29 18.75L116.31 18.77Q116.11 18.08 115.20 17.44L115.22 17.45L115.14 17.38Q112.82 16.35 108.02 16.19L108.16 16.33L108.01 16.19Q107.07 16.19 104.63 16.19L104.58 16.15L104.59 16.16Q102.86 16.18 101.38 16.86L101.44 16.92L101.43 16.92Q100.28 17.71 100.36 19.54L100.43 19.60L100.43 19.61Q100.55 20.45 100.74 22.47L100.70 22.43L100.75 22.48Q101.38 25.13 101.65 25.96L101.60 25.92L101.72 26.04Q102.16 27.78 103.12 29.07L103.16 29.11L103.17 29.13Q103.33 29.36 103.71 29.74L103.73 29.76L103.87 29.90Q104.01 30.23 104.65 31.14L104.75 31.24L104.64 31.13Q106.14 32.51 108.08 32.70L108.15 32.77L108.22 32.84Q106.22 35.41 104.66 37.31L104.59 37.25L101.05 41.70L101.02 41.67Q103.36 41.00 105.00 40.66L104.91 40.57L104.90 40.56Q104.28 41.58 102.72 43.29L102.70 43.27L102.67 43.24Q105.65 42.22 108.77 42.19L108.83 42.25L108.75 42.17Q111.21 39.72 115.55 32.48L115.53 32.47L115.56 32.57L115.43 32.44Q115.83 31.84 116.17 31.35ZM110.15 22.09L110.05 22.00L110.17 22.11Q110.61 21.83 111.07 21.95L111.17 22.05L111.08 21.96Q111.78 22.12 112.16 22.24L112.09 22.17L112.15 22.23Q112.23 22.57 112.30 22.99L112.30 22.98L112.46 23.15Q112.51 23.54 112.40 23.93L112.28 23.80L112.31 23.84Q112.36 25.63 111.18 26.74L111.16 26.73L111.04 26.60Q110.16 27.70 108.52 27.66L108.45 27.59L108.52 27.66Q108.07 27.63 106.55 27.32L106.65 27.42L106.67 27.44Q106.40 26.53 106.40 25.80L106.29 25.70L106.43 25.83Q106.19 25.41 106.19 25.18L106.31 25.30L106.32 25.31Q106.34 23.12 108.62 22.32L108.59 22.29L108.65 22.34Q109.21 22.00 110.05 22.00Z\\"/><path fill=\\"#52e99e\\" d=\\"M30.88 40.42L30.84 40.39L30.82 40.37Q29.36 40.39 27.80 39.97L27.84 40.02L27.82 40.00Q26.52 38.99 26.36 37.36L26.51 37.51L26.46 37.45Q26.39 37.23 26.58 34.60L26.66 34.69L26.53 34.55Q27.68 34.49 29.70 34.11L29.75 34.15L29.50 34.86L29.47 34.83Q29.25 36.62 30.66 37.20L30.65 37.19L30.56 37.10Q31.42 37.50 33.51 37.50L33.51 37.50L33.46 37.45Q35.16 37.40 35.35 37.32L35.32 37.29L35.20 37.17Q36.29 37.19 37.01 36.70L36.90 36.59L37.01 36.70Q38.30 35.63 38.11 33.53L38.09 33.51L38.12 33.54Q37.94 31.11 36.20 29.55L36.23 29.58L36.28 29.62Q34.51 28.03 32.03 28.03L32.08 28.07L32.03 27.79L31.98 27.74Q32.37 27.72 33.25 27.64L33.20 27.60L33.37 27.76Q35.22 27.59 36.59 26.36L36.64 26.41L36.44 26.21Q37.86 25.02 38.01 23.15L38.05 23.20L38.13 23.27Q38.10 22.82 38.10 22.48L38.23 22.61L38.20 22.58Q38.11 20.97 36.74 20.06L36.85 20.17L36.75 20.06Q35.62 19.36 34.02 19.47L34.01 19.46L34.05 19.50Q32.59 19.18 31.37 19.60L31.53 19.76L31.35 19.58Q30.04 20.24 29.73 21.39L29.76 21.41L29.79 21.44Q29.59 22.19 29.66 22.95L29.65 22.94L29.51 22.80Q28.50 22.59 26.44 21.86L26.48 21.90L26.41 21.83Q26.17 20.15 26.21 19.31L26.40 19.50L26.22 19.32Q26.47 17.93 27.54 17.25L27.56 17.28L27.50 17.21Q28.95 16.65 30.55 16.65L30.52 16.61L30.40 16.50Q33.67 16.57 36.83 16.84L36.83 16.83L36.88 16.89Q41.89 17.25 41.58 21.02L41.50 20.94L41.56 21.00Q41.42 22.41 40.92 23.97L41.06 24.11L40.95 24.00Q40.11 27.16 37.75 28.08L37.81 28.13L37.76 28.08Q40.37 28.60 40.98 31.95L41.05 32.02L40.88 31.85Q41.17 33.05 41.24 35.07L41.21 35.04L41.36 35.18Q41.40 39.53 36.80 39.99L36.76 39.95L36.85 40.04Q36.01 40.00 30.72 40.27ZM36.05 42.63L36.09 42.67L35.94 42.51Q36.60 42.60 39.45 42.68L39.41 42.64L39.54 42.77Q41.16 42.72 42.80 42.07L42.84 42.11L42.94 42.21Q44.05 41.18 43.86 39.43L43.93 39.51L43.90 39.48Q43.80 38.15 43.49 36.40L43.37 36.28L43.50 36.42Q42.69 31.84 40.75 30.20L40.79 30.24L40.60 29.85L40.60 29.82L40.56 29.78Q42.26 28.29 43.03 23.91L43.04 23.92L43.08 23.96Q43.12 23.50 43.23 22.55L43.23 22.55L43.12 22.44Q43.33 21.82 43.26 21.13L43.28 21.15L43.17 21.04Q42.99 19.34 41.70 18.66L41.76 18.72L41.75 18.78L41.66 18.69Q41.29 17.64 40.15 17.11L40.33 17.29L40.27 17.23Q38.79 16.58 33.65 16.28L33.52 16.15L33.58 16.21Q31.87 16.10 30.27 16.10L30.40 16.23L30.27 16.10Q28.80 16.22 27.27 16.87L27.21 16.81L27.19 16.79Q25.88 17.46 25.88 19.21L25.99 19.32L25.97 19.30Q25.90 18.81 26.16 22.16L26.20 22.20L26.28 22.28Q26.55 22.32 28.19 22.93L28.13 22.87L28.20 22.94Q28.23 23.50 28.20 24.00L28.19 23.99L28.15 23.95Q28.08 24.38 28.11 24.91L28.12 24.92L28.26 25.06Q29.91 25.29 31.92 25.41L31.91 25.39L31.92 25.41Q31.85 23.39 32.96 22.56L33.08 22.68L33.07 22.67Q33.89 22.01 35.91 21.78L35.93 21.80L35.78 21.65Q36.92 21.65 37.49 21.84L37.58 21.92L37.59 21.93Q37.65 22.07 37.69 22.19L37.60 22.09L37.66 22.35L37.66 22.81L37.75 22.90Q37.77 23.10 37.73 23.25L37.71 23.23L37.74 23.27Q37.72 25.04 36.20 26.22L36.10 26.12L36.04 26.06Q35.12 26.96 33.10 27.15L33.14 27.20L33.15 27.20Q32.45 27.38 31.57 27.38L31.59 27.40L31.63 27.43Q31.61 27.72 31.76 28.41L31.79 28.43L31.81 28.45Q33.53 28.42 34.97 29.14L35.03 29.19L34.88 29.16L33.41 29.44L33.31 29.35Q33.44 29.77 33.55 30.38L33.44 30.27L33.43 30.27Q35.52 30.15 37.23 31.48L37.23 31.47L37.34 31.58Q37.55 31.95 37.86 33.59L37.85 33.58L37.90 33.63Q38.07 36.54 35.14 36.96L35.03 36.85L35.04 36.86Q33.09 37.26 32.51 37.23L32.39 37.10L32.40 37.11Q32.00 37.05 31.46 36.97L31.42 36.93L31.45 36.51L31.50 35.98L31.67 35.73L31.59 35.31L31.56 35.29Q30.61 35.36 29.81 35.55L29.98 35.72L29.95 35.69Q29.88 35.43 29.88 35.24L29.75 35.11L29.88 35.24Q29.94 35.07 29.94 34.85L29.95 34.85L29.81 34.71Q29.82 34.27 29.97 33.54L30.14 33.71L30.08 33.65Q28.24 33.91 26.38 34.25L26.34 34.21L26.32 34.19Q26.29 34.65 26.17 35.78L26.15 35.76L26.14 35.74Q26.03 36.87 26.03 37.48L26.06 37.51L26.21 37.66Q26.22 39.65 27.59 40.41L27.49 40.31L27.57 40.40Q29.02 42.64 33.74 42.45L33.74 42.45L33.71 42.42Q34.52 42.47 36.04 42.62Z\\"/><path d=\\"M12 27 C92 49,72 38,143 9\\" stroke=\\"#a8ea66\\" fill=\\"none\\"/><path fill=\\"#6161db\\" d=\\"M72.53 39.46L72.54 39.47L72.61 39.54Q71.93 39.51 71.24 39.55L71.25 39.56L71.14 39.44Q70.35 39.45 69.67 39.45L69.78 39.56L69.70 39.49Q70.19 36.09 70.19 32.67L70.29 32.77L70.28 32.76Q68.34 32.69 67.43 32.69L67.42 32.67L67.51 32.76Q66.53 32.63 64.71 32.55L64.67 32.52L64.69 32.54Q64.81 32.35 64.62 29.87L64.66 29.92L64.63 29.88Q67.20 30.44 70.17 30.44L70.18 30.45L70.13 30.40Q69.82 25.94 69.40 23.35L69.48 23.43L69.43 23.38Q70.21 23.47 71.01 23.47L71.05 23.51L72.67 23.50L72.67 23.50Q72.54 27.86 72.54 30.45L72.59 30.50L72.57 30.48Q74.58 30.32 77.78 29.98L77.92 30.12L77.85 30.05Q77.82 31.47 77.82 32.68L77.68 32.54L77.71 32.58Q77.47 32.60 76.67 32.63L76.67 32.64L76.77 32.74Q75.63 32.59 75.03 32.63L75.01 32.61L75.13 32.74Q75.11 32.72 72.45 32.72L72.43 32.70L72.34 36.04L72.34 36.04Q72.35 37.69 72.47 39.40ZM78.19 29.48L78.26 29.55L78.24 29.53Q76.46 29.95 74.59 30.03L74.54 29.98L74.59 30.03Q74.68 26.73 75.10 24.87L75.17 24.93L75.25 25.02Q74.55 25.08 73.14 25.23L73.15 25.24L73.22 23.06L73.33 23.17Q70.68 23.15 69.01 23.03L69.04 23.07L68.94 22.97Q69.52 26.10 69.71 29.98L69.66 29.93L69.84 30.11Q68.01 29.99 64.32 29.38L64.15 29.21L64.30 29.37Q64.42 30.40 64.42 33.02L64.48 33.09L66.03 33.12L65.96 33.04Q66.03 33.83 65.87 35.24L65.87 35.24L69.86 35.00L69.89 35.03Q69.51 38.04 69.21 39.87L69.37 40.04L69.32 39.99Q70.09 39.99 71.50 39.88L71.43 39.81L71.46 39.84Q71.52 40.58 71.48 41.91L71.40 41.83L71.48 41.91Q72.01 41.91 75.62 42.06L75.56 42.00L75.64 42.08Q74.76 39.03 74.53 35.07L74.52 35.06L74.37 34.91Q77.85 35.15 79.94 35.53L79.80 35.39L79.78 35.36Q79.58 34.40 79.58 33.45L79.74 33.61L79.60 31.57L79.71 31.68Q79.38 31.58 78.84 31.61L78.96 31.73L78.08 31.65L78.13 31.70Q78.13 30.90 78.25 29.53Z\\"/></svg>"`;

exports[`Renders on small canvas 1`] = `"<svg xmlns=\\"http://www.w3.org/2000/svg\\" width=\\"40\\" height=\\"18\\"><path d=\\"M18 11 C14 4,31 11,36 7\\" stroke=\\"#666\\" fill=\\"none\\"/><path fill=\\"#333\\" d=\\"M17.62 11.22L17.77 11.37L17.70 11.31Q17.65 11.04 17.63 10.86L17.69 10.92L17.81 11.04Q17.62 10.71 17.49 10.63L17.55 10.69L17.48 10.63Q17.16 10.37 16.78 10.44L16.94 10.59L16.92 10.57Q16.34 10.45 15.64 10.92L15.79 11.07L15.63 10.92Q15.17 11.45 15.17 11.95L15.00 11.79L15.14 11.93Q15.10 12.42 15.10 13.84L15.11 13.86L15.18 13.92Q15.09 14.95 15.16 15.81L15.05 15.70L15.07 15.72Q14.40 15.79 14.40 15.79L14.47 15.85L14.46 15.85Q14.01 15.80 13.70 15.84L13.63 15.76L13.63 15.77Q13.84 14.72 13.87 13.76L13.96 13.85L13.80 13.68Q13.92 11.75 13.64 11.19L13.78 11.33L13.68 11.23Q13.60 11.02 13.36 10.89L13.25 10.78L13.24 10.77Q13.06 10.64 12.39 10.59L12.32 10.53L12.23 10.44Q11.45 10.42 11.22 11.11L11.29 11.18L11.15 11.03Q11.23 11.40 11.28 11.61L11.18 11.51L11.21 11.54Q11.47 12.69 11.32 13.88L11.35 13.91L11.38 13.94Q11.22 15.12 10.61 16.16L10.66 16.21L10.52 16.07Q10.21 16.27 9.32 16.45L9.28 16.41L9.20 16.33Q10.28 14.95 10.28 13.11L10.25 13.08L10.26 13.08Q10.36 10.67 8.63 8.86L8.50 8.73L8.62 8.85Q8.88 8.91 9.29 9.01L9.36 9.08L10.15 9.30L10.08 9.23Q10.25 9.47 10.63 10.19L10.65 10.21L10.74 10.30Q10.75 9.43 11.80 9.41L11.82 9.44L11.82 9.44Q11.92 9.45 12.34 9.48L12.19 9.33L12.26 9.41Q14.42 9.56 14.91 10.77L14.81 10.67L14.93 10.78Q15.52 9.50 17.68 9.27L17.85 9.45L17.77 9.37Q18.14 9.36 18.51 9.41L18.40 9.29L18.47 9.37Q19.32 9.35 19.26 10.02L19.28 10.04L19.27 10.04Q19.30 10.37 19.18 10.70L19.17 10.68L19.25 10.76Q18.55 11.96 18.64 13.47L18.62 13.45L18.74 13.57Q18.87 15.10 19.69 16.31L19.68 16.30L19.61 16.23Q18.77 15.97 17.99 15.87L18.03 15.91L18.13 16.00Q17.62 14.93 17.54 13.73L17.45 13.65L17.47 13.67Q17.43 12.49 17.71 11.31ZM17.95 16.09L17.91 16.05L18.05 16.19Q18.32 16.18 18.89 16.27L18.87 16.24L18.97 16.34Q19.17 16.63 19.66 17.23L19.54 17.11L19.63 17.20Q20.83 17.39 21.73 17.67L21.82 17.75L21.71 17.65Q19.64 16.05 19.53 13.26L19.51 13.25L19.45 13.18Q19.39 12.26 19.65 11.45L19.63 11.42L19.64 11.43Q19.75 11.07 19.75 10.76L19.81 10.82L19.72 10.73Q19.78 10.40 19.52 10.15L19.56 10.20L19.57 10.19L19.60 10.22Q19.55 9.93 19.52 9.71L19.50 9.69L19.46 9.66Q19.50 9.52 19.31 9.40L19.27 9.36L19.33 9.42Q18.99 9.17 18.62 9.15L18.58 9.12L18.70 9.24Q17.41 9.12 16.27 9.53L16.27 9.53L16.22 9.48Q15.34 9.74 14.83 10.34L14.89 10.41L14.82 10.34Q14.27 9.39 12.20 9.25L12.15 9.20L12.23 9.27Q11.89 9.22 11.71 9.22L11.78 9.29L11.76 9.27Q10.78 9.16 10.52 9.70L10.53 9.72L10.58 9.76Q10.38 9.48 10.08 9.02L10.08 9.01L10.15 9.09Q9.14 8.91 8.29 8.64L8.29 8.63L8.15 8.49Q10.21 10.44 10.21 13.13L10.24 13.16L10.25 13.17Q10.24 15.18 9.01 16.66L8.89 16.54L9.01 16.67Q9.21 16.60 9.42 16.57L9.38 16.53L9.79 16.44L9.89 16.54Q9.47 16.88 9.00 17.40L9.03 17.43L9.13 17.53Q9.65 17.22 10.98 16.96L11.01 16.98L11.00 16.97Q12.13 15.19 12.13 13.09L12.30 13.27L12.28 13.24Q12.27 12.89 12.23 12.53L12.13 12.42L12.19 12.48Q12.16 12.16 12.58 11.82L12.56 11.79L12.59 11.84L12.65 11.90Q12.91 11.70 13.41 11.65L13.32 11.55L13.26 11.49Q13.48 11.54 13.61 11.54L13.68 11.61L13.74 11.75L13.71 11.72Q13.75 12.81 13.71 13.82L13.69 13.80L13.78 13.89Q13.61 14.76 13.40 15.90L13.54 16.04L13.52 16.02Q13.89 15.95 13.89 15.95L14.03 16.08L13.85 15.90Q14.52 15.96 14.38 15.96L14.33 15.91L14.36 15.94Q14.48 16.28 14.47 16.47L14.46 16.47L14.46 16.46Q14.28 16.50 14.28 16.71L14.35 16.78L15.33 16.70L15.40 16.77Q15.91 16.75 16.45 16.78L16.46 16.79L16.45 16.78Q15.90 15.30 15.98 12.75L15.84 12.61L15.84 12.61Q15.92 12.20 16.43 11.87L16.50 11.94L16.41 11.85Q16.84 11.56 17.38 11.48L17.42 11.52L17.47 11.43L17.53 11.49Q17.32 12.30 17.32 13.15L17.34 13.16L17.44 13.26Q17.30 14.74 17.96 16.10ZM15.58 11.14L15.77 11.23L15.60 11.21L15.66 11.22Z\\"/><path fill=\\"#444\\" d=\\"M7.15 11.06L7.28 11.19L7.18 11.10Q6.09 11.03 5.52 11.55L5.56 11.59L5.47 11.50Q4.98 12.11 5.11 13.18L5.02 13.10L5.04 13.11Q5.17 14.19 5.69 14.72L5.83 14.87L5.65 14.68Q6.26 15.41 7.17 15.37L7.11 15.31L7.22 15.42Q7.35 15.31 7.43 15.31L7.52 15.40L7.42 15.30Q9.04 15.14 9.09 13.16L9.10 13.17L9.07 13.15Q9.03 12.06 8.73 11.72L8.82 11.81L8.78 11.76Q8.29 11.18 7.20 11.11ZM8.57 16.09L8.62 16.14L8.55 16.07Q7.97 16.30 7.30 16.27L7.46 16.43L7.35 16.32Q5.76 16.46 5.21 15.35L5.10 15.25L5.11 15.26Q5.03 17.54 4.46 19.37L4.52 19.43L4.61 19.52Q3.70 19.58 2.99 19.89L3.04 19.94L2.98 19.88Q4.07 17.31 3.95 14.32L4.02 14.39L3.96 14.34Q3.89 11.44 2.65 8.85L2.77 8.96L2.68 8.87Q3.47 9.34 4.20 9.53L4.19 9.52L4.44 10.18L4.42 10.16Q4.56 10.40 4.68 10.87L4.60 10.80L4.71 10.90Q5.17 10.04 6.70 9.96L6.68 9.94L6.59 9.85Q6.95 9.82 7.32 9.82L7.31 9.80L7.55 9.83L7.51 9.79Q7.72 9.95 7.80 9.97L7.63 9.80L7.94 9.97L7.83 9.87Q8.66 9.93 8.97 10.02L8.98 10.04L8.97 10.02Q9.73 10.34 10.10 10.75L9.99 10.63L10.03 10.68Q10.39 11.19 10.38 11.79L10.36 11.77L10.42 11.83Q10.41 13.05 10.06 14.19L9.97 14.09L10.00 14.13Q9.63 15.70 8.62 16.14ZM10.47 16.43L10.51 16.45L10.35 16.28Q10.89 15.51 11.02 13.75L11.13 13.85L10.97 13.69Q11.17 13.07 11.17 12.54L11.03 12.40L11.11 12.47Q11.08 11.79 10.75 11.19L10.87 11.30L10.81 11.24Q10.55 10.97 10.34 10.81L10.40 10.87L10.37 10.79L10.17 10.54L10.26 10.58L10.21 10.53Q9.46 9.65 7.60 9.65L7.64 9.70L7.28 9.59L7.33 9.65Q5.42 9.72 4.71 10.41L4.58 10.27L4.67 10.36Q4.58 10.13 4.52 9.92L4.59 9.99L4.35 9.40L4.37 9.42Q3.41 9.26 2.46 8.62L2.48 8.65L2.42 8.58Q3.76 11.23 3.89 14.33L4.02 14.46L3.97 14.41Q4.12 17.55 2.90 20.32L2.91 20.33L3.62 19.81L3.77 19.97Q3.50 20.12 3.20 20.79L3.25 20.83L3.34 20.93Q4.53 20.50 5.53 20.36L5.47 20.29L5.53 20.36Q5.99 18.27 6.06 16.67L5.98 16.60L6.04 16.66Q6.55 17.20 8.10 17.30L8.10 17.30L8.19 17.39Q9.87 17.48 10.49 16.44L10.47 16.42ZM7.99 12.05L8.04 12.10L8.06 12.12Q8.36 12.11 8.83 12.25L8.85 12.27L8.77 12.19Q8.87 12.60 8.85 13.11L8.92 13.18L8.78 13.04Q8.89 13.53 8.80 13.81L8.83 13.84L8.85 13.86Q8.53 15.09 7.45 15.22L7.33 15.09L7.39 15.10L7.42 15.14Q7.41 15.15 7.36 15.17L7.39 15.20L7.20 15.24L7.05 15.09Q6.62 15.17 6.20 14.96L6.20 14.96L6.02 14.05L5.97 14.00Q6.06 13.15 6.61 12.71L6.62 12.72L6.47 12.57Q6.94 12.14 7.96 12.02Z\\"/><path fill=\\"#333\\" d=\\"M25.38 8.29L25.30 8.21L25.44 8.36Q24.65 6.55 21.99 6.63L22.05 6.69L21.97 6.61Q19.99 6.58 19.14 7.20L19.30 7.35L19.29 7.34Q18.18 8.01 18.18 9.78L18.20 9.80L18.15 10.54L18.11 10.50Q18.15 14.32 22.01 14.32L22.01 14.32L22.03 14.35Q22.94 14.37 23.58 14.03L23.52 13.97L23.64 14.09Q24.39 13.61 24.32 12.81L24.31 12.80L24.34 12.83Q24.13 11.81 22.55 11.42L22.67 11.54L21.82 11.52L21.76 11.46Q21.31 11.42 20.90 11.43L21.05 11.58L21.02 11.55Q20.90 11.03 20.89 10.21L21.04 10.36L21.00 10.32Q24.18 10.22 25.97 10.08L25.96 10.06L26.06 10.17Q26.06 10.54 26.06 10.88L26.10 10.92L26.12 10.94Q25.95 11.11 25.96 11.45L26.09 11.58L25.98 11.47Q25.63 11.60 25.63 11.60L25.47 11.43L25.59 11.56Q24.92 11.47 25.08 11.47L25.06 11.45L25.18 11.56Q25.67 12.28 25.83 13.13L25.78 13.08L25.85 13.15Q25.91 13.47 25.91 13.66L25.85 13.61L25.84 13.60Q25.73 15.48 21.96 15.48L22.13 15.64L21.99 15.51Q19.00 15.57 17.89 14.68L17.91 14.69L17.82 14.60Q17.10 13.72 17.10 11.55L17.00 11.45L17.11 11.56Q17.01 11.00 16.94 9.84L16.95 9.84L17.01 9.91Q16.90 8.86 16.92 8.27L16.86 8.21L16.85 8.20Q17.01 7.09 17.60 6.40L17.50 6.30L17.57 6.37Q18.62 5.45 20.71 5.37L20.81 5.47L21.86 5.35L21.97 5.45Q23.20 5.31 24.67 5.49L24.59 5.41L24.73 5.55Q26.30 5.72 26.71 7.11L26.60 7.00L26.67 7.07Q26.26 7.49 25.36 8.27ZM25.86 9.11L26.06 9.27L25.96 9.17Q26.48 8.71 27.28 7.86L27.35 7.93L27.30 7.88Q27.20 7.50 26.78 6.77L26.80 6.79L26.76 6.75Q26.20 5.55 24.56 5.27L24.57 5.28L24.71 5.42Q23.75 5.33 21.91 5.20L21.93 5.22L20.64 5.13L20.68 5.18Q18.52 5.32 17.41 6.17L17.38 6.13L17.41 6.16Q16.75 6.79 16.70 8.11L16.72 8.13L16.84 8.25Q16.68 7.90 16.78 10.25L16.82 10.28L16.92 10.39Q16.87 10.90 16.90 12.08L16.91 12.09L16.89 12.07Q17.07 14.08 17.82 14.91L17.77 14.86L17.72 14.81Q17.96 15.25 18.34 15.62L18.19 15.48L18.20 15.49Q19.53 16.37 21.89 16.52L21.81 16.43L23.02 16.49L23.14 16.61Q23.76 16.59 24.63 16.54L24.65 16.57L24.63 16.55Q25.37 16.64 26.27 16.41L26.24 16.38L26.12 16.26Q27.01 16.11 27.00 15.11L27.01 15.13L27.01 15.12Q26.97 14.55 26.52 13.36L26.47 13.31L26.61 13.45Q26.51 13.10 26.28 12.75L26.27 12.74L26.18 12.65Q26.50 12.73 27.01 12.81L26.92 12.72L27.03 12.83Q26.75 11.13 26.77 10.84L26.90 10.97L26.84 10.92Q26.68 10.92 26.50 10.90L26.55 10.94L26.55 10.95Q26.30 10.84 26.13 10.87L26.19 10.93L26.07 10.81Q26.26 10.52 26.29 10.07L26.25 10.02L26.25 10.02Q23.57 10.25 20.88 10.20L20.83 10.16L20.78 10.10Q20.80 10.50 20.80 10.89L20.85 10.94L20.76 11.60L20.92 11.77Q20.94 11.62 21.12 11.60L21.22 11.71L21.11 11.59Q21.38 11.69 21.58 11.69L21.51 11.62L21.47 11.58Q21.56 11.86 21.58 12.08L21.56 12.06L21.56 12.06Q21.52 12.21 21.50 12.43L21.56 12.49L21.56 12.48Q21.94 12.41 22.38 12.39L22.35 12.36L22.51 12.52Q22.94 12.51 23.38 12.52L23.28 12.43L23.36 12.51Q23.74 12.54 24.12 12.71L24.18 12.77L24.15 12.75L24.13 12.74Q24.27 13.47 23.55 13.86L23.56 13.87L23.49 13.80Q22.85 14.26 22.11 14.26L22.13 14.28L22.10 14.24Q20.37 14.16 19.32 13.41L19.31 13.39L19.40 13.49Q18.99 12.62 19.05 11.53L18.96 11.44L19.09 11.56Q19.11 9.40 19.90 8.54L19.90 8.54L19.95 8.59Q20.76 7.75 22.77 7.62L22.82 7.67L22.68 7.53Q24.22 7.41 25.06 8.18L25.11 8.24L25.08 8.21Q25.08 8.22 25.13 8.30L25.16 8.34L25.18 8.31L25.36 8.49Q25.60 8.78 25.85 9.25L25.72 9.12L25.88 9.14Z\\"/><path fill=\\"#444\\" d=\\"M26.26 5.04L26.37 5.15L26.32 5.10Q27.12 7.17 27.37 9.39L27.30 9.32L27.42 9.45Q28.92 7.58 31.45 5.51L31.55 5.62L31.56 5.62Q32.79 5.35 33.92 5.01L33.96 5.06L31.13 7.45L31.17 7.49Q29.65 8.69 28.43 9.91L28.47 9.95L28.51 10.00Q31.93 13.92 34.10 15.95L34.10 15.95L33.98 15.83Q32.69 15.47 31.70 15.40L31.75 15.46L31.69 15.40Q29.23 13.10 27.38 10.60L27.38 10.60L27.42 10.64Q27.43 13.43 26.63 15.72L26.67 15.76L26.62 15.71Q26.59 15.79 26.38 15.87L26.36 15.85L26.24 15.82L26.37 15.95Q26.30 15.98 25.21 16.37L25.08 16.24L25.24 16.40Q26.43 13.51 26.28 10.32L26.36 10.39L26.31 10.34Q26.13 7.16 24.61 4.37L24.72 4.48L24.84 4.49L25.10 4.69L25.07 4.65L25.08 4.66Q25.27 4.70 26.22 5.00ZM26.46 4.99L26.44 4.98L26.40 4.94Q25.54 4.81 24.41 4.15L24.39 4.14L24.29 4.04Q26.24 7.27 26.24 11.11L26.12 10.98L26.19 11.05Q26.25 14.12 24.98 16.71L24.84 16.57L25.77 16.26L25.75 16.24Q25.53 16.62 25.23 17.18L25.32 17.27L25.38 17.32Q26.26 16.90 27.09 16.72L27.03 16.66L27.16 16.69L27.15 16.68Q27.28 16.69 27.53 16.62L27.42 16.51L27.58 16.67Q28.21 14.05 28.26 12.00L28.31 12.05L28.32 12.06Q29.08 13.00 29.87 13.80L29.84 13.78L30.01 13.95Q30.34 14.24 31.63 15.52L31.69 15.58L31.72 15.61L31.74 15.63Q32.07 15.87 32.87 16.56L33.02 16.71L32.86 16.55Q34.63 16.97 36.12 17.70L36.11 17.70L36.19 17.78Q32.09 13.98 29.41 10.80L29.54 10.93L29.49 10.88Q31.39 9.06 35.14 5.37L35.09 5.32L35.15 5.38Q33.95 5.76 33.08 5.92L33.15 5.99L33.14 5.98Q33.60 5.50 34.60 4.63L34.69 4.72L34.63 4.66Q32.82 5.22 31.38 5.30L31.38 5.30L31.51 5.43Q30.18 6.30 28.09 8.30L28.09 8.30L28.03 8.24Q27.92 7.19 27.68 6.10L27.78 6.20L27.76 6.18Q27.21 6.07 26.78 5.92L26.67 5.81L26.72 5.86Q26.63 5.54 26.39 4.92Z\\"/></svg>"`;
